*** EVALUATION ***
PROGRAM "C:\GIT_CHEVALIER_LOCAL\NFC_Reader_S12G\APP_S12G48\bin\Project.abs"

*********************************************************************************************
TARGET SECTION
---------------------------------------------------------------------------------------------
Processor   : Freescale HC12
Memory Model: SMALL
File Format : ELF\DWARF 2.0
Linker      : SmartLinker V-5.0.52 Build 15249, Sep  7 2015

*********************************************************************************************
FILE SECTION
---------------------------------------------------------------------------------------------
datapage.c.o                            Model: SMALL,         Lang: ANSI-C,        Compiler Version: ANSI-C/cC++ Compiler for HC12 V-5.0.46 Build 15249, Sep  7 2015
Start12.c.o                             Model: SMALL,         Lang: ANSI-C,        Compiler Version: ANSI-C/cC++ Compiler for HC12 V-5.0.46 Build 15249, Sep  7 2015
STDLIB.C.o (ansisi.lib)                 Model: SMALL,         Lang: ANSI-C,        Compiler Version: ANSI-C/cC++ Compiler for HC12 V-5.0.46 Build 15249, Sep  7 2015
STRING.C.o (ansisi.lib)                 Model: SMALL,         Lang: ANSI-C,        Compiler Version: ANSI-C/cC++ Compiler for HC12 V-5.0.46 Build 15249, Sep  7 2015
rtshc12.c.o (ansisi.lib)                Model: SMALL,         Lang: ANSI-C,        Compiler Version: ANSI-C/cC++ Compiler for HC12 V-5.0.46 Build 15249, Sep  7 2015
Cpu.c.o                                 Model: SMALL,         Lang: ANSI-C,        Compiler Version: ANSI-C/cC++ Compiler for HC12 V-5.0.46 Build 15249, Sep  7 2015
CAN1.c.o                                Model: SMALL,         Lang: ANSI-C,        Compiler Version: ANSI-C/cC++ Compiler for HC12 V-5.0.46 Build 15249, Sep  7 2015
IO_Map.c.o                              Model: SMALL,         Lang: ANSI-C,        Compiler Version: ANSI-C/cC++ Compiler for HC12 V-5.0.46 Build 15249, Sep  7 2015
Vectors.c.o                             Model: SMALL,         Lang: ANSI-C,        Compiler Version: ANSI-C/cC++ Compiler for HC12 V-5.0.46 Build 15249, Sep  7 2015
Events.c.o                              Model: SMALL,         Lang: ANSI-C,        Compiler Version: ANSI-C/cC++ Compiler for HC12 V-5.0.46 Build 15249, Sep  7 2015
GPIO_PORT_S.c.o                         Model: SMALL,         Lang: ANSI-C,        Compiler Version: ANSI-C/cC++ Compiler for HC12 V-5.0.46 Build 15249, Sep  7 2015
GPIO_Port_T.c.o                         Model: SMALL,         Lang: ANSI-C,        Compiler Version: ANSI-C/cC++ Compiler for HC12 V-5.0.46 Build 15249, Sep  7 2015
Generic_Latch_Bootloader.c.o            Model: SMALL,         Lang: ANSI-C,        Compiler Version: ANSI-C/cC++ Compiler for HC12 V-5.0.46 Build 15249, Sep  7 2015
CAN_cfg.c.o                             Model: SMALL,         Lang: ANSI-C,        Compiler Version: ANSI-C/cC++ Compiler for HC12 V-5.0.46 Build 15249, Sep  7 2015
CAN_drv.c.o                             Model: SMALL,         Lang: ANSI-C,        Compiler Version: ANSI-C/cC++ Compiler for HC12 V-5.0.46 Build 15249, Sep  7 2015
Queue.c.o                               Model: SMALL,         Lang: ANSI-C,        Compiler Version: ANSI-C/cC++ Compiler for HC12 V-5.0.46 Build 15249, Sep  7 2015
UDS_Comms.c.o                           Model: SMALL,         Lang: ANSI-C,        Compiler Version: ANSI-C/cC++ Compiler for HC12 V-5.0.46 Build 15249, Sep  7 2015
IEE1.c.o                                Model: SMALL,         Lang: ANSI-C,        Compiler Version: ANSI-C/cC++ Compiler for HC12 V-5.0.46 Build 15249, Sep  7 2015
SM1.c.o                                 Model: SMALL,         Lang: ANSI-C,        Compiler Version: ANSI-C/cC++ Compiler for HC12 V-5.0.46 Build 15249, Sep  7 2015
des.c.o                                 Model: SMALL,         Lang: ANSI-C,        Compiler Version: ANSI-C/cC++ Compiler for HC12 V-5.0.46 Build 15249, Sep  7 2015
mf_desfire.c.o                          Model: SMALL,         Lang: ANSI-C,        Compiler Version: ANSI-C/cC++ Compiler for HC12 V-5.0.46 Build 15249, Sep  7 2015
hce.c.o                                 Model: SMALL,         Lang: ANSI-C,        Compiler Version: ANSI-C/cC++ Compiler for HC12 V-5.0.46 Build 15249, Sep  7 2015
platform.c.o                            Model: SMALL,         Lang: ANSI-C,        Compiler Version: ANSI-C/cC++ Compiler for HC12 V-5.0.46 Build 15249, Sep  7 2015
timer.c.o                               Model: SMALL,         Lang: ANSI-C,        Compiler Version: ANSI-C/cC++ Compiler for HC12 V-5.0.46 Build 15249, Sep  7 2015
rfal_rfst25r3911.c.o                    Model: SMALL,         Lang: ANSI-C,        Compiler Version: ANSI-C/cC++ Compiler for HC12 V-5.0.46 Build 15249, Sep  7 2015
st25r3911.c.o                           Model: SMALL,         Lang: ANSI-C,        Compiler Version: ANSI-C/cC++ Compiler for HC12 V-5.0.46 Build 15249, Sep  7 2015
st25r3911_com.c.o                       Model: SMALL,         Lang: ANSI-C,        Compiler Version: ANSI-C/cC++ Compiler for HC12 V-5.0.46 Build 15249, Sep  7 2015
st25r3911_interrupt.c.o                 Model: SMALL,         Lang: ANSI-C,        Compiler Version: ANSI-C/cC++ Compiler for HC12 V-5.0.46 Build 15249, Sep  7 2015
rfal_analogConfig.c.o                   Model: SMALL,         Lang: ANSI-C,        Compiler Version: ANSI-C/cC++ Compiler for HC12 V-5.0.46 Build 15249, Sep  7 2015
rfal_isoDep.c.o                         Model: SMALL,         Lang: ANSI-C,        Compiler Version: ANSI-C/cC++ Compiler for HC12 V-5.0.46 Build 15249, Sep  7 2015
rfal_nfca.c.o                           Model: SMALL,         Lang: ANSI-C,        Compiler Version: ANSI-C/cC++ Compiler for HC12 V-5.0.46 Build 15249, Sep  7 2015
rfal_user.c.o                           Model: SMALL,         Lang: ANSI-C,        Compiler Version: ANSI-C/cC++ Compiler for HC12 V-5.0.46 Build 15249, Sep  7 2015
nfc_main.c.o                            Model: SMALL,         Lang: ANSI-C,        Compiler Version: ANSI-C/cC++ Compiler for HC12 V-5.0.46 Build 15249, Sep  7 2015
ADC.c.o                                 Model: SMALL,         Lang: ANSI-C,        Compiler Version: ANSI-C/cC++ Compiler for HC12 V-5.0.46 Build 15249, Sep  7 2015
ST25_IRQ.c.o                            Model: SMALL,         Lang: ANSI-C,        Compiler Version: ANSI-C/cC++ Compiler for HC12 V-5.0.46 Build 15249, Sep  7 2015
Timer_1ms.c.o                           Model: SMALL,         Lang: ANSI-C,        Compiler Version: ANSI-C/cC++ Compiler for HC12 V-5.0.46 Build 15249, Sep  7 2015
Com_Cfg.c.o                             Model: SMALL,         Lang: ANSI-C,        Compiler Version: ANSI-C/cC++ Compiler for HC12 V-5.0.46 Build 15249, Sep  7 2015
fm29_nfc_readers_can_v1_0_interior.c.o  Model: SMALL,         Lang: ANSI-C,        Compiler Version: ANSI-C/cC++ Compiler for HC12 V-5.0.46 Build 15249, Sep  7 2015

*********************************************************************************************
STARTUP SECTION
---------------------------------------------------------------------------------------------
Entry point: 0x4000 (_EntryPoint)
_startupData is allocated at 0x403E and uses 6 Bytes
extern struct _tagStartup {
  unsigned nofZeroOut     1
  _Range   pZeroOut       0x3000     2372
  _Copy    *toCopyDownBeg 0x77B4
} _startupData;

*********************************************************************************************
SECTION-ALLOCATION SECTION
Section Name                    Size  Type     From       To       Segment
---------------------------------------------------------------------------------------------
.init                             62     R     0x4000     0x403D   ROM_4000
.startData                        11     R     0x403E     0x4048   ROM_4000
.rodata                         4578     R     0x4049     0x522A   ROM_4000
.rodata1                          12     R     0x522B     0x5236   ROM_4000
NON_BANKED                       155     R     0x5237     0x52D1   ROM_4000
CAN1_CODE                        627     R     0x52D2     0x5544   ROM_4000
IEE1_CODE                        916     R     0x5545     0x58D8   ROM_4000
Timer_1ms_CODE                    15     R     0x58D9     0x58E7   ROM_4000
SM1_CODE                          55     R     0x58E8     0x591E   ROM_4000
ADC_CODE                          26     R     0x591F     0x5938   ROM_4000
RUNTIME                          616     R     0x5939     0x5BA0   ROM_4000
.text                           7187     R     0x5BA1     0x77B3   ROM_4000
.copy                             20     R     0x77B4     0x77C7   ROM_4000
OTHER_ROM                      15063     R    0xE8000    0xEBAD6   PAGE_0E
.data                             16   R/W     0x3000     0x300F   RAM
.abs_section_8                     1   N/I        0x8        0x8   .absSeg0
.abs_section_9                     1   N/I        0x9        0x9   .absSeg1
.abs_section_b                     1   N/I        0xB        0xB   .absSeg2
.abs_section_c                     1   N/I        0xC        0xC   .absSeg3
.abs_section_11                    1   N/I       0x11       0x11   .absSeg4
.abs_section_13                    1   N/I       0x13       0x13   .absSeg5
.abs_section_15                    1   N/I       0x15       0x15   .absSeg6
.abs_section_1c                    1   N/I       0x1C       0x1C   .absSeg7
.abs_section_1e                    1   N/I       0x1E       0x1E   .absSeg8
.abs_section_20                    1   N/I       0x20       0x20   .absSeg9
.abs_section_21                    1   N/I       0x21       0x21   .absSeg10
.abs_section_22                    1   N/I       0x22       0x22   .absSeg11
.abs_section_23                    1   N/I       0x23       0x23   .absSeg12
.abs_section_26                    1   N/I       0x26       0x26   .absSeg13
.abs_section_27                    1   N/I       0x27       0x27   .absSeg14
.abs_section_28                    1   N/I       0x28       0x28   .absSeg15
.abs_section_29                    1   N/I       0x29       0x29   .absSeg16
.abs_section_2a                    1   N/I       0x2A       0x2A   .absSeg17
.abs_section_2b                    1   N/I       0x2B       0x2B   .absSeg18
.abs_section_2c                    1   N/I       0x2C       0x2C   .absSeg19
.abs_section_2d                    1   N/I       0x2D       0x2D   .absSeg20
.abs_section_2e                    1   N/I       0x2E       0x2E   .absSeg21
.abs_section_2f                    1   N/I       0x2F       0x2F   .absSeg22
.abs_section_34                    1   N/I       0x34       0x34   .absSeg23
.abs_section_35                    1   N/I       0x35       0x35   .absSeg24
.abs_section_36                    1   N/I       0x36       0x36   .absSeg25
.abs_section_37                    1   N/I       0x37       0x37   .absSeg26
.abs_section_38                    1   N/I       0x38       0x38   .absSeg27
.abs_section_39                    1   N/I       0x39       0x39   .absSeg28
.abs_section_3a                    1   N/I       0x3A       0x3A   .absSeg29
.abs_section_3b                    1   N/I       0x3B       0x3B   .absSeg30
.abs_section_3c                    1   N/I       0x3C       0x3C   .absSeg31
.abs_section_3f                    1   N/I       0x3F       0x3F   .absSeg32
.abs_section_40                    1   N/I       0x40       0x40   .absSeg33
.abs_section_41                    1   N/I       0x41       0x41   .absSeg34
.abs_section_46                    1   N/I       0x46       0x46   .absSeg35
.abs_section_47                    1   N/I       0x47       0x47   .absSeg36
.abs_section_48                    1   N/I       0x48       0x48   .absSeg37
.abs_section_49                    1   N/I       0x49       0x49   .absSeg38
.abs_section_4a                    1   N/I       0x4A       0x4A   .absSeg39
.abs_section_4b                    1   N/I       0x4B       0x4B   .absSeg40
.abs_section_4c                    1   N/I       0x4C       0x4C   .absSeg41
.abs_section_4d                    1   N/I       0x4D       0x4D   .absSeg42
.abs_section_4e                    1   N/I       0x4E       0x4E   .absSeg43
.abs_section_4f                    1   N/I       0x4F       0x4F   .absSeg44
.abs_section_6c                    1   N/I       0x6C       0x6C   .absSeg45
.abs_section_6e                    1   N/I       0x6E       0x6E   .absSeg46
.abs_section_76                    1   N/I       0x76       0x76   .absSeg47
.abs_section_a0                    1   N/I       0xA0       0xA0   .absSeg48
.abs_section_a1                    1   N/I       0xA1       0xA1   .absSeg49
.abs_section_a2                    1   N/I       0xA2       0xA2   .absSeg50
.abs_section_a3                    1   N/I       0xA3       0xA3   .absSeg51
.abs_section_a4                    1   N/I       0xA4       0xA4   .absSeg52
.abs_section_a5                    1   N/I       0xA5       0xA5   .absSeg53
.abs_section_a6                    1   N/I       0xA6       0xA6   .absSeg54
.abs_section_a8                    1   N/I       0xA8       0xA8   .absSeg55
.abs_section_a9                    1   N/I       0xA9       0xA9   .absSeg56
.abs_section_ca                    1   N/I       0xCA       0xCA   .absSeg57
.abs_section_cb                    1   N/I       0xCB       0xCB   .absSeg58
.abs_section_cc                    1   N/I       0xCC       0xCC   .absSeg59
.abs_section_cd                    1   N/I       0xCD       0xCD   .absSeg60
.abs_section_ce                    1   N/I       0xCE       0xCE   .absSeg61
.abs_section_cf                    1   N/I       0xCF       0xCF   .absSeg62
.abs_section_d2                    1   N/I       0xD2       0xD2   .absSeg63
.abs_section_d3                    1   N/I       0xD3       0xD3   .absSeg64
.abs_section_d4                    1   N/I       0xD4       0xD4   .absSeg65
.abs_section_d5                    1   N/I       0xD5       0xD5   .absSeg66
.abs_section_d6                    1   N/I       0xD6       0xD6   .absSeg67
.abs_section_d7                    1   N/I       0xD7       0xD7   .absSeg68
.abs_section_d8                    1   N/I       0xD8       0xD8   .absSeg69
.abs_section_d9                    1   N/I       0xD9       0xD9   .absSeg70
.abs_section_da                    1   N/I       0xDA       0xDA   .absSeg71
.abs_section_db                    1   N/I       0xDB       0xDB   .absSeg72
.abs_section_100                   1   N/I      0x100      0x100   .absSeg73
.abs_section_101                   1   N/I      0x101      0x101   .absSeg74
.abs_section_102                   1   N/I      0x102      0x102   .absSeg75
.abs_section_104                   1   N/I      0x104      0x104   .absSeg76
.abs_section_105                   1   N/I      0x105      0x105   .absSeg77
.abs_section_106                   1   N/I      0x106      0x106   .absSeg78
.abs_section_107                   1   N/I      0x107      0x107   .absSeg79
.abs_section_108                   1   N/I      0x108      0x108   .absSeg80
.abs_section_109                   1   N/I      0x109      0x109   .absSeg81
.abs_section_110                   1   N/I      0x110      0x110   .absSeg82
.abs_section_120                   1   N/I      0x120      0x120   .absSeg83
.abs_section_140                   1   N/I      0x140      0x140   .absSeg84
.abs_section_141                   1   N/I      0x141      0x141   .absSeg85
.abs_section_142                   1   N/I      0x142      0x142   .absSeg86
.abs_section_143                   1   N/I      0x143      0x143   .absSeg87
.abs_section_144                   1   N/I      0x144      0x144   .absSeg88
.abs_section_145                   1   N/I      0x145      0x145   .absSeg89
.abs_section_146                   1   N/I      0x146      0x146   .absSeg90
.abs_section_147                   1   N/I      0x147      0x147   .absSeg91
.abs_section_148                   1   N/I      0x148      0x148   .absSeg92
.abs_section_149                   1   N/I      0x149      0x149   .absSeg93
.abs_section_14a                   1   N/I      0x14A      0x14A   .absSeg94
.abs_section_14b                   1   N/I      0x14B      0x14B   .absSeg95
.abs_section_14d                   1   N/I      0x14D      0x14D   .absSeg96
.abs_section_14e                   1   N/I      0x14E      0x14E   .absSeg97
.abs_section_14f                   1   N/I      0x14F      0x14F   .absSeg98
.abs_section_150                   1   N/I      0x150      0x150   .absSeg99
.abs_section_151                   1   N/I      0x151      0x151   .absSeg100
.abs_section_152                   1   N/I      0x152      0x152   .absSeg101
.abs_section_153                   1   N/I      0x153      0x153   .absSeg102
.abs_section_154                   1   N/I      0x154      0x154   .absSeg103
.abs_section_155                   1   N/I      0x155      0x155   .absSeg104
.abs_section_156                   1   N/I      0x156      0x156   .absSeg105
.abs_section_157                   1   N/I      0x157      0x157   .absSeg106
.abs_section_158                   1   N/I      0x158      0x158   .absSeg107
.abs_section_159                   1   N/I      0x159      0x159   .absSeg108
.abs_section_15a                   1   N/I      0x15A      0x15A   .absSeg109
.abs_section_15b                   1   N/I      0x15B      0x15B   .absSeg110
.abs_section_15c                   1   N/I      0x15C      0x15C   .absSeg111
.abs_section_15d                   1   N/I      0x15D      0x15D   .absSeg112
.abs_section_15e                   1   N/I      0x15E      0x15E   .absSeg113
.abs_section_15f                   1   N/I      0x15F      0x15F   .absSeg114
.abs_section_160                   1   N/I      0x160      0x160   .absSeg115
.abs_section_161                   1   N/I      0x161      0x161   .absSeg116
.abs_section_162                   1   N/I      0x162      0x162   .absSeg117
.abs_section_163                   1   N/I      0x163      0x163   .absSeg118
.abs_section_164                   1   N/I      0x164      0x164   .absSeg119
.abs_section_165                   1   N/I      0x165      0x165   .absSeg120
.abs_section_166                   1   N/I      0x166      0x166   .absSeg121
.abs_section_167                   1   N/I      0x167      0x167   .absSeg122
.abs_section_168                   1   N/I      0x168      0x168   .absSeg123
.abs_section_169                   1   N/I      0x169      0x169   .absSeg124
.abs_section_16a                   1   N/I      0x16A      0x16A   .absSeg125
.abs_section_16b                   1   N/I      0x16B      0x16B   .absSeg126
.abs_section_16c                   1   N/I      0x16C      0x16C   .absSeg127
.abs_section_170                   1   N/I      0x170      0x170   .absSeg128
.abs_section_171                   1   N/I      0x171      0x171   .absSeg129
.abs_section_172                   1   N/I      0x172      0x172   .absSeg130
.abs_section_173                   1   N/I      0x173      0x173   .absSeg131
.abs_section_174                   1   N/I      0x174      0x174   .absSeg132
.abs_section_175                   1   N/I      0x175      0x175   .absSeg133
.abs_section_176                   1   N/I      0x176      0x176   .absSeg134
.abs_section_177                   1   N/I      0x177      0x177   .absSeg135
.abs_section_178                   1   N/I      0x178      0x178   .absSeg136
.abs_section_179                   1   N/I      0x179      0x179   .absSeg137
.abs_section_17a                   1   N/I      0x17A      0x17A   .absSeg138
.abs_section_17b                   1   N/I      0x17B      0x17B   .absSeg139
.abs_section_17c                   1   N/I      0x17C      0x17C   .absSeg140
.abs_section_17d                   1   N/I      0x17D      0x17D   .absSeg141
.abs_section_240                   1   N/I      0x240      0x240   .absSeg142
.abs_section_241                   1   N/I      0x241      0x241   .absSeg143
.abs_section_242                   1   N/I      0x242      0x242   .absSeg144
.abs_section_244                   1   N/I      0x244      0x244   .absSeg145
.abs_section_245                   1   N/I      0x245      0x245   .absSeg146
.abs_section_248                   1   N/I      0x248      0x248   .absSeg147
.abs_section_249                   1   N/I      0x249      0x249   .absSeg148
.abs_section_24a                   1   N/I      0x24A      0x24A   .absSeg149
.abs_section_24c                   1   N/I      0x24C      0x24C   .absSeg150
.abs_section_24d                   1   N/I      0x24D      0x24D   .absSeg151
.abs_section_24e                   1   N/I      0x24E      0x24E   .absSeg152
.abs_section_24f                   1   N/I      0x24F      0x24F   .absSeg153
.abs_section_250                   1   N/I      0x250      0x250   .absSeg154
.abs_section_251                   1   N/I      0x251      0x251   .absSeg155
.abs_section_252                   1   N/I      0x252      0x252   .absSeg156
.abs_section_254                   1   N/I      0x254      0x254   .absSeg157
.abs_section_255                   1   N/I      0x255      0x255   .absSeg158
.abs_section_256                   1   N/I      0x256      0x256   .absSeg159
.abs_section_257                   1   N/I      0x257      0x257   .absSeg160
.abs_section_258                   1   N/I      0x258      0x258   .absSeg161
.abs_section_259                   1   N/I      0x259      0x259   .absSeg162
.abs_section_25a                   1   N/I      0x25A      0x25A   .absSeg163
.abs_section_25c                   1   N/I      0x25C      0x25C   .absSeg164
.abs_section_25d                   1   N/I      0x25D      0x25D   .absSeg165
.abs_section_25e                   1   N/I      0x25E      0x25E   .absSeg166
.abs_section_25f                   1   N/I      0x25F      0x25F   .absSeg167
.abs_section_260                   1   N/I      0x260      0x260   .absSeg168
.abs_section_261                   1   N/I      0x261      0x261   .absSeg169
.abs_section_268                   1   N/I      0x268      0x268   .absSeg170
.abs_section_269                   1   N/I      0x269      0x269   .absSeg171
.abs_section_26a                   1   N/I      0x26A      0x26A   .absSeg172
.abs_section_26c                   1   N/I      0x26C      0x26C   .absSeg173
.abs_section_26d                   1   N/I      0x26D      0x26D   .absSeg174
.abs_section_26e                   1   N/I      0x26E      0x26E   .absSeg175
.abs_section_26f                   1   N/I      0x26F      0x26F   .absSeg176
.abs_section_2f1                   1   N/I      0x2F1      0x2F1   .absSeg177
.abs_section_2f2                   1   N/I      0x2F2      0x2F2   .absSeg178
.abs_section_2f3                   1   N/I      0x2F3      0x2F3   .absSeg179
.abs_section_2fa                   1   N/I      0x2FA      0x2FA   .absSeg180
.abs_section_2fb                   1   N/I      0x2FB      0x2FB   .absSeg181
.abs_section_1a                    2   N/I       0x1A       0x1B   .absSeg182
.abs_section_24                    2   N/I       0x24       0x25   .absSeg183
.abs_section_44                    2   N/I       0x44       0x45   .absSeg184
.abs_section_50                    2   N/I       0x50       0x51   .absSeg185
.abs_section_52                    2   N/I       0x52       0x53   .absSeg186
.abs_section_54                    2   N/I       0x54       0x55   .absSeg187
.abs_section_56                    2   N/I       0x56       0x57   .absSeg188
.abs_section_58                    2   N/I       0x58       0x59   .absSeg189
.abs_section_5a                    2   N/I       0x5A       0x5B   .absSeg190
.abs_section_70                    2   N/I       0x70       0x71   .absSeg191
.abs_section_72                    2   N/I       0x72       0x73   .absSeg192
.abs_section_74                    2   N/I       0x74       0x75   .absSeg193
.abs_section_78                    2   N/I       0x78       0x79   .absSeg194
.abs_section_7a                    2   N/I       0x7A       0x7B   .absSeg195
.abs_section_7c                    2   N/I       0x7C       0x7D   .absSeg196
.abs_section_7e                    2   N/I       0x7E       0x7F   .absSeg197
.abs_section_80                    2   N/I       0x80       0x81   .absSeg198
.abs_section_82                    2   N/I       0x82       0x83   .absSeg199
.abs_section_84                    2   N/I       0x84       0x85   .absSeg200
.abs_section_86                    2   N/I       0x86       0x87   .absSeg201
.abs_section_88                    2   N/I       0x88       0x89   .absSeg202
.abs_section_8a                    2   N/I       0x8A       0x8B   .absSeg203
.abs_section_8c                    2   N/I       0x8C       0x8D   .absSeg204
.abs_section_8e                    2   N/I       0x8E       0x8F   .absSeg205
.abs_section_90                    2   N/I       0x90       0x91   .absSeg206
.abs_section_92                    2   N/I       0x92       0x93   .absSeg207
.abs_section_94                    2   N/I       0x94       0x95   .absSeg208
.abs_section_96                    2   N/I       0x96       0x97   .absSeg209
.abs_section_ac                    2   N/I       0xAC       0xAD   .absSeg210
.abs_section_ae                    2   N/I       0xAE       0xAF   .absSeg211
.abs_section_b0                    2   N/I       0xB0       0xB1   .absSeg212
.abs_section_b4                    2   N/I       0xB4       0xB5   .absSeg213
.abs_section_b6                    2   N/I       0xB6       0xB7   .absSeg214
.abs_section_b8                    2   N/I       0xB8       0xB9   .absSeg215
.abs_section_bc                    2   N/I       0xBC       0xBD   .absSeg216
.abs_section_be                    2   N/I       0xBE       0xBF   .absSeg217
.abs_section_c0                    2   N/I       0xC0       0xC1   .absSeg218
.abs_section_c8                    2   N/I       0xC8       0xC9   .absSeg219
.abs_section_d0                    2   N/I       0xD0       0xD1   .absSeg220
.abs_section_dc                    2   N/I       0xDC       0xDD   .absSeg221
.abs_section_10a                   2   N/I      0x10A      0x10B   .absSeg222
.abs_section_16e                   2   N/I      0x16E      0x16F   .absSeg223
.abs_section_17e                   2   N/I      0x17E      0x17F   .absSeg224
.abs_section_270                   2   N/I      0x270      0x271   .absSeg225
.abs_section_272                   2   N/I      0x272      0x273   .absSeg226
.abs_section_274                   2   N/I      0x274      0x275   .absSeg227
.abs_section_278                   2   N/I      0x278      0x279   .absSeg228
.abs_section_27a                   2   N/I      0x27A      0x27B   .absSeg229
.abs_section_27c                   2   N/I      0x27C      0x27D   .absSeg230
.abs_section_27e                   2   N/I      0x27E      0x27F   .absSeg231
.abs_section_2f4                   2   N/I      0x2F4      0x2F5   .absSeg232
.abs_section_2f8                   2   N/I      0x2F8      0x2F9   .absSeg233
.abs_section_de80                122     R     0xDE80     0xDEF9   .absSeg234
.abs_section_fffa                  6     R     0xFFFA     0xFFFF   .absSeg235
.bss                             950   R/W     0x3010     0x33C5   RAM
.common                         1390   R/W     0x33C6     0x3933   RAM
CAN1_DATA                          4   R/W     0x3934     0x3937   RAM
IEE1_DATA                          8   R/W     0x3938     0x393F   RAM
SM1_DATA                           2   R/W     0x3940     0x3941   RAM
ADC_DATA                           2   R/W     0x3942     0x3943   RAM
.stack                           128   R/W     0x3944     0x39C3   RAM
ROM_4000_236                    2104     R     0x77C8     0x7FFF   ROM_4000
PAGE_0E_237                     1321     R    0xEBAD7    0xEBFFF   PAGE_0E

Summary of section sizes per section type:
READ_ONLY (R):        8080 (dec:    32896)
READ_WRITE (R/W):      9C4 (dec:     2500)
NO_INIT (N/I):         11E (dec:      286)

*********************************************************************************************
VECTOR-ALLOCATION SECTION
    Address     InitValue   InitFunction
---------------------------------------------------------------------------------------------

*********************************************************************************************
OBJECT-ALLOCATION SECTION
     Name               Module                 Addr   hSize   dSize     Ref    Section   RLIB
---------------------------------------------------------------------------------------------
MODULE:                 -- datapage.c.o --
- PROCEDURES:
     _SET_PAGE                                 5939       3       3       2   RUNTIME     
     _LOAD_FAR_8                               593C       B      11       2   RUNTIME     
     _LOAD_FAR_16                              5947       B      11       3   RUNTIME     
- VARIABLES:
MODULE:                 -- Start12.c.o --
- PROCEDURES:
     Init                                      5BA1      35      53       1   .text       
     _Startup                                  5BD6       8       8       1   .text       
- VARIABLES:
     _startupData                              403E       6       6       3   .startData  
- LABELS:
     __SEG_END_SSTACK                          39C4       0       0       1               
MODULE:                 -- STDLIB.C.o (ansisi.lib) --
- PROCEDURES:
     rand                                      5BDE      72     114       2   .text       
     srand                                     5C50       9       9       1   .text       
- VARIABLES:
     seed                                      3000       4       4      14   .data       
MODULE:                 -- STRING.C.o (ansisi.lib) --
- PROCEDURES:
     memcmp                                    5C59      39      57       1   .text       
     memcpy                                    5C92      24      36      25   .text       
     memmove                                   5CB6      50      80       3   .text       
     memset                                    5D06      18      24      19   .text       
     strcmp                                    5D1E      19      25       2   .text       
- VARIABLES:
MODULE:                 -- rtshc12.c.o (ansisi.lib) --
- PROCEDURES:
     _BSHL                                     5952       8       8       9   RUNTIME     
     _BSHRU                                    595A       8       8       3   RUNTIME     
     _LSHL                                     5962      11      17      23   RUNTIME     
     _LSHRU                                    5973      11      17      36   RUNTIME     
     _LCMP                                     5984      19      25      17   RUNTIME     
     _LCMP_P                                   599D      15      21       6   RUNTIME     
     _LNEG                                     59B2       D      13       1   RUNTIME     
     _LCOM                                     59BF       9       9       4   RUNTIME     
     _LINC                                     59C8       5       5       7   RUNTIME     
     _LDEC                                     59CD       8       8       1   RUNTIME     
     _LMULU16x32                               59D5       F      15       2   RUNTIME     
     _LMULS16x32                               59E4      1F      31       2   RUNTIME     
     _lDivMod                                  5A03      BE     190       5   RUNTIME     
     _LDIVU                                    5AC1       E      14       4   RUNTIME     
     _NEG_P                                    5ACF       F      15       7   RUNTIME     
     _LDIVS                                    5ADE      35      53       2   RUNTIME     
     _LMODS                                    5B13      2A      42       2   RUNTIME     
     _ILSEXT                                   5B3D       7       7       1   RUNTIME     
     _COPY                                     5B44       8       8       7   RUNTIME     
     _CASE_DIRECT_BYTE                         5B4C       5       5       7   RUNTIME     
     _CASE_CHECKED                             5B51       B      11       3   RUNTIME     
     _CASE_CHECKED_BYTE                        5B5C      14      20       6   RUNTIME     
     _CASE_SEARCH_8                            5B70      17      23       1   RUNTIME     
     _CASE_SEARCH_8_BYTE                       5B87      1A      26       4   RUNTIME     
- VARIABLES:
MODULE:                 -- Cpu.c.o --
- PROCEDURES:
     PE_low_level_init                         5D37      93     147       1   .text       
     _EntryPoint                               4000      3E      62      57   .init       
- VARIABLES:
     CCR_reg                                   33C6       1       1       3   .common     
MODULE:                 -- CAN1.c.o --
- PROCEDURES:
     isrVcanerr                                5237      36      54       1   NON_BANKED  
     isrVcanrx                                 526D      2C      44       1   NON_BANKED  
     isrVcantx                                 5299      13      19       1   NON_BANKED  
     CAN1_GetStateRX                           52D2       E      14       1   CAN1_CODE   
     CAN1_SendFrame                            52E0     124     292       3   CAN1_CODE   
     CAN1_ReadFrame                            5404      D6     214       2   CAN1_CODE   
     CAN1_Init                                 54DA      6B     107       1   CAN1_CODE   
- VARIABLES:
     ErrFlag                                   3934       1       1       5   CAN1_DATA   
     SerFlag                                   3935       1       1       8   CAN1_DATA   
     BusOFF                                    3936       2       2       3   CAN1_DATA   
MODULE:                 -- IO_Map.c.o --
- PROCEDURES:
- VARIABLES:
     _PORTE                                       8       1       1       0   .abs_section_8
     _DDRE                                        9       1       1       0   .abs_section_9
     _MODE                                        B       1       1       0   .abs_section_b
     _PUCR                                        C       1       1       0   .abs_section_c
     _DIRECT                                     11       1       1       1   .abs_section_11
     _MMCCTL1                                    13       1       1       1   .abs_section_13
     _PPAGE                                      15       1       1       0   .abs_section_15
     _ECLKCTL                                    1C       1       1       1   .abs_section_1c
     _IRQCR                                      1E       1       1       1   .abs_section_1e
     _DBGC1                                      20       1       1       0   .abs_section_20
     _DBGSR                                      21       1       1       0   .abs_section_21
     _DBGTCR                                     22       1       1       0   .abs_section_22
     _DBGC2                                      23       1       1       0   .abs_section_23
     _DBGCNT                                     26       1       1       0   .abs_section_26
     _DBGSCRX                                    27       1       1       0   .abs_section_27
     _DBGXCTL                                    28       1       1       0   .abs_section_28
     _DBGXAH                                     29       1       1       0   .abs_section_29
     _DBGXAM                                     2A       1       1       0   .abs_section_2a
     _DBGXAL                                     2B       1       1       0   .abs_section_2b
     _DBGADH                                     2C       1       1       0   .abs_section_2c
     _DBGADL                                     2D       1       1       0   .abs_section_2d
     _DBGADHM                                    2E       1       1       0   .abs_section_2e
     _DBGADLM                                    2F       1       1       0   .abs_section_2f
     _CPMUSYNR                                   34       1       1       1   .abs_section_34
     _CPMUREFDIV                                 35       1       1       1   .abs_section_35
     _CPMUPOSTDIV                                36       1       1       1   .abs_section_36
     _CPMUFLG                                    37       1       1       1   .abs_section_37
     _CPMUINT                                    38       1       1       1   .abs_section_38
     _CPMUCLKS                                   39       1       1       2   .abs_section_39
     _CPMUPLL                                    3A       1       1       1   .abs_section_3a
     _CPMURTI                                    3B       1       1       0   .abs_section_3b
     _CPMUCOP                                    3C       1       1       2   .abs_section_3c
     _CPMUARMCOP                                 3F       1       1       1   .abs_section_3f
     _TIOS                                       40       1       1       1   .abs_section_40
     _CFORC                                      41       1       1       0   .abs_section_41
     _TSCR1                                      46       1       1       3   .abs_section_46
     _TTOV                                       47       1       1       1   .abs_section_47
     _TCTL1                                      48       1       1       0   .abs_section_48
     _TCTL2                                      49       1       1       1   .abs_section_49
     _TCTL3                                      4A       1       1       0   .abs_section_4a
     _TCTL4                                      4B       1       1       0   .abs_section_4b
     _TIE                                        4C       1       1       2   .abs_section_4c
     _TSCR2                                      4D       1       1       1   .abs_section_4d
     _TFLG1                                      4E       1       1       2   .abs_section_4e
     _TFLG2                                      4F       1       1       0   .abs_section_4f
     _OCPD                                       6C       1       1       1   .abs_section_6c
     _PTPSR                                      6E       1       1       1   .abs_section_6e
     _ATDSTAT0                                   76       1       1       0   .abs_section_76
     _PWME                                       A0       1       1       0   .abs_section_a0
     _PWMPOL                                     A1       1       1       0   .abs_section_a1
     _PWMCLK                                     A2       1       1       0   .abs_section_a2
     _PWMPRCLK                                   A3       1       1       0   .abs_section_a3
     _PWMCAE                                     A4       1       1       0   .abs_section_a4
     _PWMCTL                                     A5       1       1       0   .abs_section_a5
     _PWMCLKAB                                   A6       1       1       0   .abs_section_a6
     _PWMSCLA                                    A8       1       1       0   .abs_section_a8
     _PWMSCLB                                    A9       1       1       0   .abs_section_a9
     _SCI0ACR2                                   CA       1       1       0   .abs_section_ca
     _SCI0CR2                                    CB       1       1       0   .abs_section_cb
     _SCI0SR1                                    CC       1       1       0   .abs_section_cc
     _SCI0SR2                                    CD       1       1       0   .abs_section_cd
     _SCI0DRH                                    CE       1       1       0   .abs_section_ce
     _SCI0DRL                                    CF       1       1       0   .abs_section_cf
     _SCI1ACR2                                   D2       1       1       0   .abs_section_d2
     _SCI1CR2                                    D3       1       1       0   .abs_section_d3
     _SCI1SR1                                    D4       1       1       0   .abs_section_d4
     _SCI1SR2                                    D5       1       1       0   .abs_section_d5
     _SCI1DRH                                    D6       1       1       0   .abs_section_d6
     _SCI1DRL                                    D7       1       1       0   .abs_section_d7
     _SPI0CR1                                    D8       1       1       2   .abs_section_d8
     _SPI0CR2                                    D9       1       1       1   .abs_section_d9
     _SPI0BR                                     DA       1       1       1   .abs_section_da
     _SPI0SR                                     DB       1       1       3   .abs_section_db
     _FCLKDIV                                   100       1       1       1   .abs_section_100
     _FSEC                                      101       1       1       0   .abs_section_101
     _FCCOBIX                                   102       1       1       8   .abs_section_102
     _FCNFG                                     104       1       1       0   .abs_section_104
     _FERCNFG                                   105       1       1       0   .abs_section_105
     _FSTAT                                     106       1       1      30   .abs_section_106
     _FERSTAT                                   107       1       1       0   .abs_section_107
     _FPROT                                     108       1       1       0   .abs_section_108
     _DFPROT                                    109       1       1       0   .abs_section_109
     _FOPT                                      110       1       1       0   .abs_section_110
     _IVBR                                      120       1       1       1   .abs_section_120
     _CANCTL0                                   140       1       1       5   .abs_section_140
     _CANCTL1                                   141       1       1       3   .abs_section_141
     _CANBTR0                                   142       1       1       1   .abs_section_142
     _CANBTR1                                   143       1       1       1   .abs_section_143
     _CANRFLG                                   144       1       1       4   .abs_section_144
     _CANRIER                                   145       1       1       1   .abs_section_145
     _CANTFLG                                   146       1       1       4   .abs_section_146
     _CANTIER                                   147       1       1       8   .abs_section_147
     _CANTARQ                                   148       1       1       0   .abs_section_148
     _CANTAAK                                   149       1       1       0   .abs_section_149
     _CANTBSEL                                  14A       1       1       1   .abs_section_14a
     _CANIDAC                                   14B       1       1       1   .abs_section_14b
     _CANMISC                                   14D       1       1       1   .abs_section_14d
     _CANRXERR                                  14E       1       1       0   .abs_section_14e
     _CANTXERR                                  14F       1       1       0   .abs_section_14f
     _CANIDAR0                                  150       1       1       1   .abs_section_150
     _CANIDAR1                                  151       1       1       1   .abs_section_151
     _CANIDAR2                                  152       1       1       0   .abs_section_152
     _CANIDAR3                                  153       1       1       0   .abs_section_153
     _CANIDMR0                                  154       1       1       1   .abs_section_154
     _CANIDMR1                                  155       1       1       1   .abs_section_155
     _CANIDMR2                                  156       1       1       1   .abs_section_156
     _CANIDMR3                                  157       1       1       1   .abs_section_157
     _CANIDAR4                                  158       1       1       1   .abs_section_158
     _CANIDAR5                                  159       1       1       1   .abs_section_159
     _CANIDAR6                                  15A       1       1       1   .abs_section_15a
     _CANIDAR7                                  15B       1       1       1   .abs_section_15b
     _CANIDMR4                                  15C       1       1       1   .abs_section_15c
     _CANIDMR5                                  15D       1       1       1   .abs_section_15d
     _CANIDMR6                                  15E       1       1       1   .abs_section_15e
     _CANIDMR7                                  15F       1       1       1   .abs_section_15f
     _CANRXIDR0                                 160       1       1       1   .abs_section_160
     _CANRXIDR1                                 161       1       1       2   .abs_section_161
     _CANRXIDR2                                 162       1       1       1   .abs_section_162
     _CANRXIDR3                                 163       1       1       2   .abs_section_163
     _CANRXDSR0                                 164       1       1       1   .abs_section_164
     _CANRXDSR1                                 165       1       1       0   .abs_section_165
     _CANRXDSR2                                 166       1       1       0   .abs_section_166
     _CANRXDSR3                                 167       1       1       0   .abs_section_167
     _CANRXDSR4                                 168       1       1       0   .abs_section_168
     _CANRXDSR5                                 169       1       1       0   .abs_section_169
     _CANRXDSR6                                 16A       1       1       0   .abs_section_16a
     _CANRXDSR7                                 16B       1       1       0   .abs_section_16b
     _CANRXDLR                                  16C       1       1       1   .abs_section_16c
     _CANTXIDR0                                 170       1       1       1   .abs_section_170
     _CANTXIDR1                                 171       1       1       0   .abs_section_171
     _CANTXIDR2                                 172       1       1       0   .abs_section_172
     _CANTXIDR3                                 173       1       1       0   .abs_section_173
     _CANTXDSR0                                 174       1       1       0   .abs_section_174
     _CANTXDSR1                                 175       1       1       0   .abs_section_175
     _CANTXDSR2                                 176       1       1       0   .abs_section_176
     _CANTXDSR3                                 177       1       1       0   .abs_section_177
     _CANTXDSR4                                 178       1       1       0   .abs_section_178
     _CANTXDSR5                                 179       1       1       0   .abs_section_179
     _CANTXDSR6                                 17A       1       1       0   .abs_section_17a
     _CANTXDSR7                                 17B       1       1       0   .abs_section_17b
     _CANTXDLR                                  17C       1       1       0   .abs_section_17c
     _CANTXTBPR                                 17D       1       1       0   .abs_section_17d
     _PTT                                       240       1       1       1   .abs_section_240
     _PTIT                                      241       1       1       0   .abs_section_241
     _DDRT                                      242       1       1       2   .abs_section_242
     _PERT                                      244       1       1       1   .abs_section_244
     _PPST                                      245       1       1       1   .abs_section_245
     _PTS                                       248       1       1       6   .abs_section_248
     _PTIS                                      249       1       1       0   .abs_section_249
     _DDRS                                      24A       1       1       3   .abs_section_24a
     _PERS                                      24C       1       1       1   .abs_section_24c
     _PPSS                                      24D       1       1       1   .abs_section_24d
     _WOMS                                      24E       1       1       1   .abs_section_24e
     _PRR0                                      24F       1       1       0   .abs_section_24f
     _PTM                                       250       1       1       0   .abs_section_250
     _PTIM                                      251       1       1       0   .abs_section_251
     _DDRM                                      252       1       1       0   .abs_section_252
     _PERM                                      254       1       1       0   .abs_section_254
     _PPSM                                      255       1       1       0   .abs_section_255
     _WOMM                                      256       1       1       1   .abs_section_256
     _PKGCR                                     257       1       1       1   .abs_section_257
     _PTP                                       258       1       1      19   .abs_section_258
     _PTIP                                      259       1       1       0   .abs_section_259
     _DDRP                                      25A       1       1       1   .abs_section_25a
     _PERP                                      25C       1       1       1   .abs_section_25c
     _PPSP                                      25D       1       1       1   .abs_section_25d
     _PIEP                                      25E       1       1       1   .abs_section_25e
     _PIFP                                      25F       1       1       0   .abs_section_25f
     _ACMPC                                     260       1       1       1   .abs_section_260
     _ACMPS                                     261       1       1       0   .abs_section_261
     _PTJ                                       268       1       1       0   .abs_section_268
     _PTIJ                                      269       1       1       0   .abs_section_269
     _DDRJ                                      26A       1       1       0   .abs_section_26a
     _PERJ                                      26C       1       1       0   .abs_section_26c
     _PPSJ                                      26D       1       1       0   .abs_section_26d
     _PIEJ                                      26E       1       1       0   .abs_section_26e
     _PIFJ                                      26F       1       1       0   .abs_section_26f
     _CPMULVCTL                                 2F1       1       1       1   .abs_section_2f1
     _CPMUAPICTL                                2F2       1       1       0   .abs_section_2f2
     _CPMUACLKTR                                2F3       1       1       0   .abs_section_2f3
     _CPMUOSC                                   2FA       1       1       1   .abs_section_2fa
     _CPMUPROT                                  2FB       1       1       2   .abs_section_2fb
     _PARTID                                     1A       2       2       0   .abs_section_1a
     _DBGTB                                      24       2       2       0   .abs_section_24
     _TCNT                                       44       2       2       1   .abs_section_44
     _TC0                                        50       2       2       4   .abs_section_50
     _TC1                                        52       2       2       0   .abs_section_52
     _TC2                                        54       2       2       0   .abs_section_54
     _TC3                                        56       2       2       0   .abs_section_56
     _TC4                                        58       2       2       0   .abs_section_58
     _TC5                                        5A       2       2       0   .abs_section_5a
     _ATDCTL01                                   70       2       2       2   .abs_section_70
     _ATDCTL23                                   72       2       2       2   .abs_section_72
     _ATDCTL45                                   74       2       2       1   .abs_section_74
     _ATDCMPE                                    78       2       2       0   .abs_section_78
     _ATDSTAT2                                   7A       2       2       0   .abs_section_7a
     _ATDDIEN                                    7C       2       2       2   .abs_section_7c
     _ATDCMPHT                                   7E       2       2       0   .abs_section_7e
     _ATDDR0                                     80       2       2       1   .abs_section_80
     _ATDDR1                                     82       2       2       0   .abs_section_82
     _ATDDR2                                     84       2       2       0   .abs_section_84
     _ATDDR3                                     86       2       2       0   .abs_section_86
     _ATDDR4                                     88       2       2       0   .abs_section_88
     _ATDDR5                                     8A       2       2       0   .abs_section_8a
     _ATDDR6                                     8C       2       2       0   .abs_section_8c
     _ATDDR7                                     8E       2       2       0   .abs_section_8e
     _ATDDR8                                     90       2       2       0   .abs_section_90
     _ATDDR9                                     92       2       2       0   .abs_section_92
     _ATDDR10                                    94       2       2       0   .abs_section_94
     _ATDDR11                                    96       2       2       0   .abs_section_96
     _PWMCNT01                                   AC       2       2       0   .abs_section_ac
     _PWMCNT23                                   AE       2       2       0   .abs_section_ae
     _PWMCNT45                                   B0       2       2       0   .abs_section_b0
     _PWMPER01                                   B4       2       2       0   .abs_section_b4
     _PWMPER23                                   B6       2       2       0   .abs_section_b6
     _PWMPER45                                   B8       2       2       0   .abs_section_b8
     _PWMDTY01                                   BC       2       2       0   .abs_section_bc
     _PWMDTY23                                   BE       2       2       0   .abs_section_be
     _PWMDTY45                                   C0       2       2       0   .abs_section_c0
     _SCI0BD                                     C8       2       2       0   .abs_section_c8
     _SCI1BD                                     D0       2       2       0   .abs_section_d0
     _SPI0DR                                     DC       2       2       3   .abs_section_dc
     _FCCOB                                     10A       2       2      11   .abs_section_10a
     _CANRXTSR                                  16E       2       2       0   .abs_section_16e
     _CANTXTSR                                  17E       2       2       0   .abs_section_17e
     _PT01AD                                    270       2       2       6   .abs_section_270
     _PTI01AD                                   272       2       2       0   .abs_section_272
     _DDR01AD                                   274       2       2       2   .abs_section_274
     _PER01AD                                   278       2       2       2   .abs_section_278
     _PPS01AD                                   27A       2       2       2   .abs_section_27a
     _PIE01AD                                   27C       2       2       1   .abs_section_27c
     _PIF01AD                                   27E       2       2       2   .abs_section_27e
     _CPMUAPIR                                  2F4       2       2       0   .abs_section_2f4
     _CPMUIRCTRIM                               2F8       2       2       0   .abs_section_2f8
MODULE:                 -- Vectors.c.o --
- PROCEDURES:
- VARIABLES:
     _InterruptVectorTable                     DE80      7A     122       0   .abs_section_de80
     _ResetVectorTable                         FFFA       6       6       0   .abs_section_fffa
MODULE:                 -- Events.c.o --
- PROCEDURES:
     ADC_OnEnd                                 5DCA       1       1       1   .text       
     Timer_1ms_OnInterrupt                     5DCB       F      15       1   .text       
- VARIABLES:
MODULE:                 -- GPIO_PORT_S.c.o --
- PROCEDURES:
     GPIO_Port_S_Init                          5DDA      15      21       1   .text       
     CAN_STB_MODE                              5DEF       D      13       1   .text       
- VARIABLES:
MODULE:                 -- GPIO_Port_T.c.o --
- PROCEDURES:
     GPIO_Port_T_Init                          5DFC      17      23       1   .text       
- VARIABLES:
MODULE:                 -- Generic_Latch_Bootloader.c.o --
- PROCEDURES:
     main                                      5E13      87     135       1   .text       
     SYS_DefaultScheduler                      5E9A       1       1       1   .text       
     SYS_SelectScheduler                       5E9B       4       4       1   .text       
     ISR_SchedulerTick                         5E9F       6       6       1   .text       
- VARIABLES:
     sysTickTimer                              3010       4       4       6   .bss        
     SYS_schedClock1ms                         33C7       2       2       2   .common     
     SYS_schedTick                             33C9       1       1       3   .common     
     SYS_schedSelector                         33CA       1       1       2   .common     
     SYS_sleepStatus                           33CB       1       1       1   .common     
     blState                                   33CC       2       2       4   .common     
     LIN_timeoutTimer                          33CE       4       4       2   .common     
     Diag_State                                33D2       2       2      10   .common     
     Request_Status                            33D4       2       2       4   .common     
     Comm_Mode                                 33D6       2       2       3   .common     
     Memory_Status                             33D8       2       2       7   .common     
     Boot_FLag                                 33DA       1       1       5   .common     
     failure_PDU_SID                           33DB       1       1       4   .common     
MODULE:                 -- CAN_cfg.c.o --
- PROCEDURES:
     init_frames                               5EA5      25      37       1   .text       
     init_signals                              5ECA     11F     287       1   .text       
     CAN_cfg_init                              5FE9       6       6       1   .text       
- VARIABLES:
     CAN_Signals                               33DC      F2     242      80   .common     
     CAN_Frames                                34CE      38      56      40   .common     
MODULE:                 -- CAN_drv.c.o --
- PROCEDURES:
     process_rx_frames                         5FEF      91     145       1   .text       
     CAN_drv_init                              6080      7F     127       1   .text       
- VARIABLES:
     CAN_SleepTimer                            3506       2       2       2   .common     
MODULE:                 -- Queue.c.o --
- PROCEDURES:
     inc                                       60FF       2       2       2   .text       
     isFull                                    6101       F      15       1   .text       
     push                                      6110      1C      28       3   .text       
- VARIABLES:
     q                                         3508     100     256       1   .common     
     head                                      3608       1       1       3   .common     
     tail                                      3609       1       1       1   .common     
MODULE:                 -- UDS_Comms.c.o --
- PROCEDURES:
     UDS_Diagnostics_Handler                  E8000      2F      47       2   OTHER_ROM   
     UDS_Comms_CAN                            E802F     1D2     466       8   OTHER_ROM   
     UDS_process_request                      E8201     10D     269       5   OTHER_ROM   
     UDS_process_response                     E830E     236     566      32   OTHER_ROM   
- VARIABLES:
     BL_PROG_Enable                            3014       1       1       2   .bss        
     udsReqTimeOut_Flag                        3015       1       1       2   .bss        
     t_CAN_frame                               3016       D      13      29   .bss        
     t_CAN_Tx_frame                            3023       D      13      39   .bss        
     sRecDataIndex                             360A       2       2       1   .common     
     silentBusCounter                          360C       1       1       1   .common     
     current_PDU_SID                           360D       1       1       4   .common     
     last_PDU_SID                              360E       1       1       6   .common     
MODULE:                 -- IEE1.c.o --
- PROCEDURES:
     BackupSector                              5545      53      83       1   IEE1_CODE   
     WriteBlock                                5598      B6     182       1   IEE1_CODE   
     EraseSectorInternal                       564E      3F      63       1   IEE1_CODE   
     WriteWord                                 568D      51      81       1   IEE1_CODE   
     IEE1_SetByte                              56DE     178     376       3   IEE1_CODE   
     IEE1_GetByte                              5856      70     112       4   IEE1_CODE   
     IEE1_Init                                 58C6      13      19       1   IEE1_CODE   
- VARIABLES:
     IEE1_Wait                                 3938       1       1       3   IEE1_DATA   
     EEPROMaddr                                3939       3       3       8   IEE1_DATA   
     BackupArray                               393C       4       4       4   IEE1_DATA   
MODULE:                 -- SM1.c.o --
- PROCEDURES:
     SM1_RecvChar                              58E8      12      18       1   SM1_CODE    
     SM1_SendChar                              58FA       B      11       1   SM1_CODE    
     SM1_Init                                  5905      1A      26       1   SM1_CODE    
- VARIABLES:
     EnUser                                    3940       1       1       1   SM1_DATA    
     SerFlag                                   3941       1       1       1   SM1_DATA    
MODULE:                 -- des.c.o --
- PROCEDURES:
     set_key                                  E8544     468    1128      50   OTHER_ROM   
     ecb_encrypt                              E89AC      D0     208      11   OTHER_ROM   
     encrypt1                                 E8A7C     594    1428     115   OTHER_ROM   
     StoreKeyVersion                          E9010      7A     122       2   OTHER_ROM   
     XorDataBlock                             E908A      37      55       4   OTHER_ROM   
     CryptDataBlock                           E90C1      B9     185       4   OTHER_ROM   
     DES_Init                                 E917A      3E      62       2   OTHER_ROM   
     DES_ClearIV                              E91B8      18      24       4   OTHER_ROM   
     DES_SetKeyData                           E91D0      EE     238       2   OTHER_ROM   
     DES_CryptDataCBC                         E92BE     13B     315       8   OTHER_ROM   
- VARIABLES:
     DES_SPtrans                               4049     800    2048      30   .rodata     
     des_skb                                   4849     800    2048      28   .rodata     
     shifts2.1                                 5049      40      64       2   .rodata     
MODULE:                 -- mf_desfire.c.o --
- PROCEDURES:
     MFDF_Transceive                          E93F9     10C     268      10   OTHER_ROM   
     MFDF_PRNG                                E9505      36      54       2   OTHER_ROM   
     MFDF_DeviceInit                          E953B      24      36       2   OTHER_ROM   
     MFDF_Authenticate                        E955F     32E     814      15   OTHER_ROM   
     MFDF_AppSelect                           E988D      3C      60       2   OTHER_ROM   
     MFDF_ReadData                            E98C9      D6     214       2   OTHER_ROM   
- VARIABLES:
MODULE:                 -- hce.c.o --
- PROCEDURES:
     HCE_Transceive                            612C      CE     206       3   .text       
     HCE_DeviceInit                            61FA      19      25       1   .text       
     HCE_SelectAndroidApp                      6213      4B      75       1   .text       
     HCE_SelectFile                            625E      4C      76       1   .text       
     HCE_ReadFile                              62AA      79     121       1   .text       
- VARIABLES:
MODULE:                 -- platform.c.o --
- PROCEDURES:
     platformGetSysTick                        6323       7       7       5   .text       
     tickInc                                   632A      10      16       1   .text       
     platformSpiTxRx                           633A      36      54      12   .text       
- VARIABLES:
     gTick                                     3030       4       4       6   .bss        
MODULE:                 -- timer.c.o --
- PROCEDURES:
     timerCalculateTimer                       6370      13      19       6   .text       
     timerIsExpired                            6383      2D      45       7   .text       
     timerDelay                                63B0      14      20       4   .text       
- VARIABLES:
MODULE:                 -- rfal_rfst25r3911.c.o --
- PROCEDURES:
     rfalInitialize                           E999F      87     135       2   OTHER_ROM   
     rfalCalibrate                            E9A26      44      68       2   OTHER_ROM   
     rfalSetMode                              E9A6A     142     322       9   OTHER_ROM   
     rfalSetBitRate                           E9BAC      D5     213       4   OTHER_ROM   
     rfalSetErrorHandling                     E9C81       4       4       4   OTHER_ROM   
     rfalSetFDTPoll                           E9C85      20      32       2   OTHER_ROM   
     rfalSetFDTListen                         E9CA5      15      21       2   OTHER_ROM   
     rfalSetGT                                E9CBA      20      32       2   OTHER_ROM   
     rfalIsGTExpired                          E9CDA      1B      27       4   OTHER_ROM   
     rfalFieldOnAndStartGT                    E9CF5      93     147       2   OTHER_ROM   
     rfalFieldOff                             E9D88      18      24       2   OTHER_ROM   
     rfalStartTransceive                      E9DA0     1E4     484      10   OTHER_ROM   
     rfalIsTransceiveInTx                     E9F84      10      16       4   OTHER_ROM   
     rfalIsTransceiveInRx                     E9F94       E      14       6   OTHER_ROM   
     rfalTransceiveBlockingTx                 E9FA2      4C      76       4   OTHER_ROM   
     rfalTransceiveRunBlockingTx              E9FEE      27      39       4   OTHER_ROM   
     rfalTransceiveBlockingRx                 EA015      1D      29       6   OTHER_ROM   
     rfalTransceiveBlockingTxRx               EA032      4A      74       8   OTHER_ROM   
     rfalRunTransceiveWorker                  EA07C      29      41       2   OTHER_ROM   
     rfalGetTransceiveStatus                  EA0A5       E      14       8   OTHER_ROM   
     rfalWorker                               EA0B3      1D      29       8   OTHER_ROM   
     rfalErrorHandling                        EA0D0      B8     184       2   OTHER_ROM   
     rfalCleanupTransceive                    EA188      1C      28      10   OTHER_ROM   
     rfalPrepareTransceive                    EA1A4      FB     251       6   OTHER_ROM   
     rfalTransceiveTx                         EA29F     1FF     511      19   OTHER_ROM   
     rfalTransceiveRx                         EA49E     34B     843      30   OTHER_ROM   
     rfalFIFOStatusUpdate                     EA7E9      15      21       8   OTHER_ROM   
     rfalFIFOStatusClear                      EA7FE       6       6       8   OTHER_ROM   
     rfalFIFOStatusGetNumBytes                EA804       8       8       6   OTHER_ROM   
     rfalFIFOStatusIsIncompleteByte           EA80C      11      17       8   OTHER_ROM   
     rfalFIFOStatusIsMissingPar               EA81D       F      15       4   OTHER_ROM   
     rfalFIFOGetNumIncompleteBits             EA82C       B      11       4   OTHER_ROM   
     rfalISO14443ATransceiveShortFrame        EA837     219     537       8   OTHER_ROM   
     rfalISO14443ATransceiveAnticollisionFrame      EAA50     180     384       3   OTHER_ROM   
     rfalIsExtFieldOn                         EABD0       C      12       2   OTHER_ROM   
     rfalRunListenModeWorker                  EABDC     16B     363      10   OTHER_ROM   
     rfalListenSetState                       EAD47     12C     300       8   OTHER_ROM   
     rfalRunWakeUpModeWorker                  EAE73      44      68       2   OTHER_ROM   
     rfalChipChangeRegBits                    EAEB7      12      18       2   OTHER_ROM   
     rfalChipChangeTestRegBits                EAEC9      12      18       2   OTHER_ROM   
- VARIABLES:
     gRFAL                                     3034      7C     124     304   .bss        
MODULE:                 -- st25r3911.c.o --
- PROCEDURES:
     st25r3911TxRxOn                           63C4       A      10       1   .text       
     st25r3911TxRxOff                          63CE       A      10       2   .text       
     st25r3911OscOn                            63D8      3F      63       1   .text       
     st25r3911Initialize                       6417      42      66       1   .text       
     st25r3911AdjustRegulators                 6459      66     102       2   .text       
     st25r3911CalibrateAntenna                 64BF      11      17       2   .text       
     st25r3911SetBitrate                       64D0      44      68       1   .text       
     st25r3911MeasurePowerSupply               6514      21      33       1   .text       
     st25r3911MeasureVoltage                   6535      21      33       1   .text       
     st25r3911StartGPTimer_8fcs                6556      1C      28       3   .text       
     st25r3911SetGPTime_8fcs                   6572      15      21       1   .text       
     st25r3911CheckReg                         6587      1E      30      13   .text       
     st25r3911CheckChipID                      65A5      2A      42       1   .text       
     st25r3911SetNoResponseTime_64fcs          65CF      70     112       2   .text       
     st25r3911PerformCollisionAvoidance        663F      9F     159       1   .text       
     st25r3911SetNumTxBits                     66DE      16      22       1   .text       
     st25r3911ExecuteCommandAndGetResult       66F4      3D      61       3   .text       
- VARIABLES:
     st25r3911NoResponseTime_64fcs             30B0       4       4       4   .bss        
MODULE:                 -- st25r3911_com.c.o --
- PROCEDURES:
     st25r3911ReadRegister                     6731      2B      43      13   .text       
     st25r3911ReadMultipleRegisters            675C      33      51       3   .text       
     st25r3911ReadTestRegister                 678F      2E      46       1   .text       
     st25r3911WriteTestRegister                67BD      28      40       8   .text       
     st25r3911WriteRegister                    67E5      24      36      24   .text       
     st25r3911ClrRegisterBits                  6809      1B      27      16   .text       
     st25r3911SetRegisterBits                  6824      1B      27      13   .text       
     st25r3911ChangeRegisterBits               683F       F      15       7   .text       
     st25r3911ModifyRegister                   684E      21      33       7   .text       
     st25r3911ChangeTestRegisterBits           686F      23      35       1   .text       
     st25r3911WriteFifo                        6892      32      50       2   .text       
     st25r3911ReadFifo                         68C4      31      49       5   .text       
     st25r3911ExecuteCommand                   68F5      1C      28      15   .text       
     st25r3911ExecuteCommands                  6911      1C      28       1   .text       
- VARIABLES:
MODULE:                 -- st25r3911_interrupt.c.o --
- PROCEDURES:
     st25r3911InitInterrupts                   692D      15      21       1   .text       
     st25r3911Isr                              6942       D      13       1   .text       
     st25r3911CheckForReceivedInterrupts       694F      65     101       1   .text       
     st25r3911ModifyInterrupts                 69B4      AA     170       2   .text       
     st25r3911WaitForInterruptsTimed           6A5E      5A      90       4   .text       
     st25r3911GetInterrupt                     6AB8      44      68      14   .text       
     st25r3911EnableInterrupts                 6AFC       C      12       7   .text       
     st25r3911DisableInterrupts                6B08       E      14       7   .text       
     st25r3911ClearInterrupts                  6B16      1B      27       1   .text       
- VARIABLES:
     st25r3911interrupt                        30B4       C      12      44   .bss        
MODULE:                 -- rfal_analogConfig.c.o --
- PROCEDURES:
     rfalAnalogConfigInitialize                6B31      12      18       1   .text       
     rfalSetAnalogConfig                       6B43      9A     154      16   .text       
     rfalAnalogConfigSearch                    6BDD      78     120       1   .text       
- VARIABLES:
     rfalAnalogConfigDefaultSettings           5089     1A2     418       1   .rodata     
     gRfalAnalogConfigMgmt                     30C0       6       6       8   .bss        
MODULE:                 -- rfal_isoDep.c.o --
- PROCEDURES:
     isoDepClearCounters                      EAEDB       9       9      10   OTHER_ROM   
     isoDepTx                                 EAEE4      D1     209       4   OTHER_ROM   
     isoDepHandleControlMsg                   EAFB5     10D     269      14   OTHER_ROM   
     rfalIsoDepInitialize                     EB0C2      4F      79       6   OTHER_ROM   
     isoDepDataExchangePCD                    EB111     2A3     675      20   OTHER_ROM   
     rfalIsoDepDeselect                       EB3B4      89     137       2   OTHER_ROM   
     rfalIsoDepFWI2FWT                        EB43D      38      56       2   OTHER_ROM   
     rfalIsoDepFSxI2FSx                       EB475      5F      95       6   OTHER_ROM   
     rfalIsoDepGetMaxInfLen                   EB4D4      23      35       4   OTHER_ROM   
     rfalIsoDepStartTransceive                EB4F7      97     151       4   OTHER_ROM   
     rfalIsoDepGetTransceiveStatus            EB58E      18      24       2   OTHER_ROM   
     rfalIsoDepRATS                           EB5A6      6E     110       2   OTHER_ROM   
     rfalIsoDepPPS                            EB614      6B     107       2   OTHER_ROM   
     rfalIsoDepPollAHandleActivation          EB67F     1D4     468       4   OTHER_ROM   
     rfalIsoDepCalcBitRate                    EB853      C4     196       3   OTHER_ROM   
     rfalIsoDepSFGI2SFGT                      EB917      53      83       2   OTHER_ROM   
     rfalIsoDepApdu2IBLockParam               EB96A      67     103       4   OTHER_ROM   
     rfalIsoDepStartApduTransceive            EB9D1      54      84       2   OTHER_ROM   
     rfalIsoDepGetApduTransceiveStatus        EBA25      B2     178       2   OTHER_ROM   
- VARIABLES:
     gIsoDep                                   30C6      6F     111     194   .bss        
MODULE:                 -- rfal_nfca.c.o --
- PROCEDURES:
     rfalNfcaCalculateBcc                      6C55      1D      29       1   .text       
     rfalNfcaPollerInitialize                  6C72      38      56       1   .text       
     rfalNfcaPollerCheckPresence               6CAA      3E      62       3   .text       
     rfalNfcaPollerTechnologyDetection         6CE8      2A      42       1   .text       
     rfalNfcaPollerSingleCollisionResolution       6D12     26C     620       5   .text       
     rfalNfcaPollerFullCollisionResolution       6F7E     13E     318       2   .text       
     rfalNfcaPollerSleep                       70BC      2C      44       2   .text       
- VARIABLES:
MODULE:                 -- rfal_user.c.o --
- PROCEDURES:
     rfal_PollNFCA                             70E8      2D      45       1   .text       
     rfal_IsoDepBlockingTxRx                   7115      A8     168       2   .text       
- VARIABLES:
     gTxBuf                                    3135     103     259       2   .bss        
     gRxBuf                                    3238     103     259       1   .bss        
     tmpBuf                                    333B      83     131       1   .bss        
     isoDepTxRx                                360F      17      23      15   .common     
MODULE:                 -- nfc_main.c.o --
- PROCEDURES:
     NFC_init                                  71BD      2A      42       1   .text       
     NFC_Task                                  71E7     1E9     489       9   .text       
- VARIABLES:
     STRING.DOOR1.1                            522B       6       6       1   .rodata1    
     STRING.DOOR2.2                            5231       6       6       1   .rodata1    
     HCEAndroidAppID                           3004       6       6       1   .data       
     HCEUserFileID                             300A       6       6       1   .data       
     NfcIsScanning                             33BE       2       2       2   .bss        
     NfcScannerTimer                           33C0       4       4       5   .bss        
     debug_var                                 33C4       1       1      11   .bss        
     nfcScanning_debug                         33C5       1       1       2   .bss        
     nfcaDev                                   3626      18      24       3   .common     
     nfcaDevCnt                                363E       1       1       1   .common     
     IsoDevice                                 363F      4E      78       3   .common     
     MfdfDevice                                368D     1F6     502       4   .common     
     Mfdf_DES_Key                              3883      18      24       2   .common     
     HCEDevice                                 389B      36      54       4   .common     
     DataBuf                                   38D1      32      50       6   .common     
     DataLen                                   3903       2       2       2   .common     
MODULE:                 -- ADC.c.o --
- PROCEDURES:
     ADC_Interrupt                             52AC       E      14       1   NON_BANKED  
     ADC_Init                                  591F      1A      26       1   ADC_CODE    
- VARIABLES:
     OutFlg                                    3942       1       1       2   ADC_DATA    
     ModeFlg                                   3943       1       1       2   ADC_DATA    
MODULE:                 -- ST25_IRQ.c.o --
- PROCEDURES:
     ST25_IRQ_Interrupt                        52BA       9       9       2   NON_BANKED  
- VARIABLES:
MODULE:                 -- Timer_1ms.c.o --
- PROCEDURES:
     Timer_1ms_Interrupt                       52C3       F      15       1   NON_BANKED  
     Timer_1ms_Enable                          58D9       F      15       1   Timer_1ms_CODE
- VARIABLES:
MODULE:                 -- Com_Cfg.c.o --
- PROCEDURES:
[...]
 |     |  |  |     |  |  |  |  |  
 |     |  |  |     |  |  |  |  +- st25r3911GetInterrupt (see above)
 |     |  |  |     |  |  |  |  |  
 |     |  |  |     |  |  |  |  +- rfalErrorHandling   
 |     |  |  |     |  |  |  |  |  | 
 |     |  |  |     |  |  |  |  |  +- rfalFIFOStatusGetNumBytes
 |     |  |  |     |  |  |  |  |  |  | 
 |     |  |  |     |  |  |  |  |  |  +- rfalFIFOStatusUpdate
 |     |  |  |     |  |  |  |  |  |     | 
 |     |  |  |     |  |  |  |  |  |     +- st25r3911ReadMultipleRegisters (see above)
 |     |  |  |     |  |  |  |  |  |        
 |     |  |  |     |  |  |  |  |  +- rfalFIFOStatusIsIncompleteByte
 |     |  |  |     |  |  |  |  |  |  | 
 |     |  |  |     |  |  |  |  |  |  +- rfalFIFOStatusUpdate (see above)
 |     |  |  |     |  |  |  |  |  |     
 |     |  |  |     |  |  |  |  |  +- rfalFIFOStatusIsMissingPar
 |     |  |  |     |  |  |  |  |  |  | 
 |     |  |  |     |  |  |  |  |  |  +- rfalFIFOStatusUpdate (see above)
 |     |  |  |     |  |  |  |  |  |     
 |     |  |  |     |  |  |  |  |  +- st25r3911ExecuteCommands
 |     |  |  |     |  |  |  |  |  |  | 
 |     |  |  |     |  |  |  |  |  |  +- platformSpiTxRx      (see above)
 |     |  |  |     |  |  |  |  |  |     
 |     |  |  |     |  |  |  |  |  +- rfalFIFOStatusClear  (see above)
 |     |  |  |     |  |  |  |  |  |  
 |     |  |  |     |  |  |  |  |  +- st25r3911ReadFifo   
 |     |  |  |     |  |  |  |  |  |  | 
 |     |  |  |     |  |  |  |  |  |  +- platformSpiTxRx      (see above)
 |     |  |  |     |  |  |  |  |  |     
 |     |  |  |     |  |  |  |  |  +- rfalFIFOGetNumIncompleteBits
 |     |  |  |     |  |  |  |  |     | 
 |     |  |  |     |  |  |  |  |     +- rfalFIFOStatusUpdate (see above)
 |     |  |  |     |  |  |  |  |        
 |     |  |  |     |  |  |  |  +- rfalFIFOStatusIsIncompleteByte (see above)
 |     |  |  |     |  |  |  |  |  
 |     |  |  |     |  |  |  |  +- rfalFIFOStatusIsMissingPar (see above)
 |     |  |  |     |  |  |  |  |  
 |     |  |  |     |  |  |  |  +- rfalFIFOStatusGetNumBytes (see above)
 |     |  |  |     |  |  |  |  |  
 |     |  |  |     |  |  |  |  +- st25r3911CheckReg    (see above)
 |     |  |  |     |  |  |  |  |  
 |     |  |  |     |  |  |  |  +- st25r3911ReadFifo    (see above)
 |     |  |  |     |  |  |  |  |  
 |     |  |  |     |  |  |  |  +- rfalFIFOGetNumIncompleteBits (see above)
 |     |  |  |     |  |  |  |  |  
 |     |  |  |     |  |  |  |  +- rfalCleanupTransceive (see above)
 |     |  |  |     |  |  |  |  |  
 |     |  |  |     |  |  |  |  +- rfalFIFOStatusClear  (see above)
 |     |  |  |     |  |  |  |  |  
 |     |  |  |     |  |  |  |  +- _LCMP_P              (see above)
 |     |  |  |     |  |  |  |  |  
 |     |  |  |     |  |  |  |  +- st25r3911WriteTestRegister (see above)
 |     |  |  |     |  |  |  |  |  
 |     |  |  |     |  |  |  |  +- timerCalculateTimer  (see above)
 |     |  |  |     |  |  |  |     
 |     |  |  |     |  |  |  +- rfalGetTransceiveStatus
 |     |  |  |     |  |  |       
 |     |  |  |     |  |  +- rfalRunListenModeWorker
 |     |  |  |     |  |  |  | 
 |     |  |  |     |  |  |  +- rfalListenSetState  
 |     |  |  |     |  |  |  |  | 
 |     |  |  |     |  |  |  |  +- _CASE_DIRECT_BYTE    (see above)
 |     |  |  |     |  |  |  |  |  
 |     |  |  |     |  |  |  |  +- st25r3911ClrRegisterBits (see above)
 |     |  |  |     |  |  |  |  |  
 |     |  |  |     |  |  |  |  +- st25r3911DisableInterrupts (see above)
 |     |  |  |     |  |  |  |  |  
 |     |  |  |     |  |  |  |  +- st25r3911GetInterrupt (see above)
 |     |  |  |     |  |  |  |  |  
 |     |  |  |     |  |  |  |  +- st25r3911EnableInterrupts (see above)
 |     |  |  |     |  |  |  |  |  
 |     |  |  |     |  |  |  |  +- st25r3911WriteRegister (see above)
 |     |  |  |     |  |  |  |  |  
 |     |  |  |     |  |  |  |  +- rfalIsExtFieldOn    
 |     |  |  |     |  |  |  |  |  | 
 |     |  |  |     |  |  |  |  |  +- st25r3911CheckReg    (see above)
 |     |  |  |     |  |  |  |  |     
 |     |  |  |     |  |  |  |  +- st25r3911SetRegisterBits (see above)
 |     |  |  |     |  |  |  |  |  
 |     |  |  |     |  |  |  |  +- st25r3911ExecuteCommand (see above)
 |     |  |  |     |  |  |  |  |  
 |     |  |  |     |  |  |  |  +- st25r3911ReadRegister (see above)
 |     |  |  |     |  |  |  |  |  
 |     |  |  |     |  |  |  |  +- st25r3911CheckReg    (see above)
 |     |  |  |     |  |  |  |  |  
 |     |  |  |     |  |  |  |  +- st25r3911WriteTestRegister (see above)
 |     |  |  |     |  |  |  |     
 |     |  |  |     |  |  |  +- st25r3911ReadRegister (see above)
 |     |  |  |     |  |  |  |  
 |     |  |  |     |  |  |  +- st25r3911GetInterrupt (see above)
 |     |  |  |     |  |  |  |  
 |     |  |  |     |  |  |  +- st25r3911ClrRegisterBits (see above)
 |     |  |  |     |  |  |  |  
 |     |  |  |     |  |  |  +- st25r3911ExecuteCommand (see above)
 |     |  |  |     |  |  |  |  
 |     |  |  |     |  |  |  +- st25r3911SetRegisterBits (see above)
 |     |  |  |     |  |  |  |  
 |     |  |  |     |  |  |  +- st25r3911ReadFifo    (see above)
 |     |  |  |     |  |  |  |  
 |     |  |  |     |  |  |  +- st25r3911WriteTestRegister (see above)
 |     |  |  |     |  |  |  |  
 |     |  |  |     |  |  |  +- _LCMP_P              (see above)
 |     |  |  |     |  |  |     
 |     |  |  |     |  |  +- rfalRunWakeUpModeWorker
 |     |  |  |     |  |     | 
 |     |  |  |     |  |     +- st25r3911GetInterrupt (see above)
 |     |  |  |     |  |        
 |     |  |  |     |  +- rfalGetTransceiveStatus (see above)
 |     |  |  |     |  |  
 |     |  |  |     |  +- rfalIsTransceiveInRx (see above)
 |     |  |  |     |     
 |     |  |  |     +- st25r3911DisableInterrupts (see above)
 |     |  |  |     |  
 |     |  |  |     +- st25r3911ClrRegisterBits (see above)
 |     |  |  |     |  
 |     |  |  |     +- st25r3911WriteTestRegister (see above)
 |     |  |  |        
 |     |  |  +- rfalNfcaPollerSleep 
 |     |  |     | 
 |     |  |     +- rfalTransceiveBlockingTxRx
 |     |  |        | 
 |     |  |        +- rfalTransceiveBlockingTx
 |     |  |        |  | 
 |     |  |        |  +- rfalStartTransceive 
 |     |  |        |  |  | 
 |     |  |        |  |  +- st25r3911CheckReg    (see above)
 |     |  |        |  |  |  
 |     |  |        |  |  +- _COPY               
 |     |  |        |  |  |    
 |     |  |        |  |  +- _LSHRU               (see above)
 |     |  |        |  |  |  
 |     |  |        |  |  +- st25r3911WriteRegister (see above)
 |     |  |        |  |  |  
 |     |  |        |  |  +- _LCMP                (see above)
 |     |  |        |  |  |  
 |     |  |        |  |  +- st25r3911SetNoResponseTime_64fcs (see above)
 |     |  |        |  |  |  
 |     |  |        |  |  +- rfalPrepareTransceive (see above)
 |     |  |        |  |  |  
 |     |  |        |  |  +- st25r3911ClrRegisterBits (see above)
 |     |  |        |  |  |  
 |     |  |        |  |  +- st25r3911ExecuteCommand (see above)
 |     |  |        |  |     
 |     |  |        |  +- rfalTransceiveRunBlockingTx
 |     |  |        |     | 
 |     |  |        |     +- rfalWorker           (see above)
 |     |  |        |     |  
 |     |  |        |     +- rfalGetTransceiveStatus (see above)
 |     |  |        |     |  
 |     |  |        |     +- rfalIsTransceiveInTx (see above)
 |     |  |        |     |  
 |     |  |        |     +- rfalIsTransceiveInRx (see above)
 |     |  |        |        
 |     |  |        +- rfalTransceiveBlockingRx (see above)
 |     |  |           
 |     |  +- rfalNfcaPollerFullCollisionResolution
 |     |     | 
 |     |     +- rfalISO14443ATransceiveShortFrame (see above)
 |     |     |  
 |     |     +- memset               (see above)
 |     |     |  
 |     |     +- rfalNfcaPollerSingleCollisionResolution
 |     |     |  | 
 |     |     |  +- memset               (see above)
 |     |     |  |  
 |     |     |  +- rfalISO14443ATransceiveAnticollisionFrame
 |     |     |  |  | 
 |     |     |  |  +- rfalSetAnalogConfig  (see above)
 |     |     |  |  |  
 |     |     |  |  +- st25r3911SetRegisterBits (see above)
 |     |     |  |  |  
 |     |     |  |  +- rfalStartTransceive  (see above)
 |     |     |  |  |  
 |     |     |  |  +- st25r3911GetInterrupt (see above)
 |     |     |  |  |  
 |     |     |  |  +- st25r3911EnableInterrupts (see above)
 |     |     |  |  |  
 |     |     |  |  +- _BSHL                (see above)
 |     |     |  |  |  
 |     |     |  |  +- _BSHRU              
 |     |     |  |  |    
 |     |     |  |  +- rfalTransceiveRunBlockingTx (see above)
 |     |     |  |  |  
 |     |     |  |  +- rfalTransceiveBlockingRx (see above)
 |     |     |  |  |  
 |     |     |  |  +- st25r3911ReadRegister (see above)
 |     |     |  |  |  
 |     |     |  |  +- st25r3911DisableInterrupts (see above)
 |     |     |  |  |  
 |     |     |  |  +- st25r3911ClrRegisterBits (see above)
 |     |     |  |     
 |     |     |  +- timerDelay           (see above)
 |     |     |  |  
 |     |     |  +- rfalNfcaPollerCheckPresence (see above)
 |     |     |  |  
 |     |     |  +- rfalNfcaCalculateBcc
 |     |     |  |    
 |     |     |  +- rfalTransceiveBlockingTxRx (see above)
 |     |     |  |  
 |     |     |  +- memcpy              
 |     |     |  |    
 |     |     |  +- _BSHL                (see above)
 |     |     |     
 |     |     +- rfalNfcaPollerSleep  (see above)
 |     |     |  
 |     |     +- rfalNfcaPollerCheckPresence (see above)
 |     |        
 |     +- rfalIsoDepInitialize
 |     |  | 
 |     |  +- isoDepClearCounters 
 |     |       
 |     +- rfalIsoDepPollAHandleActivation
 |     |  | 
 |     |  +- rfalSetErrorHandling (see above)
 |     |  |  
 |     |  +- rfalIsoDepRATS      
 |     |  |  | 
 |     |  |  +- rfalTransceiveBlockingTxRx (see above)
 |     |  |  |  
 |     |  |  +- rfalIsoDepFSxI2FSx  
 |     |  |     | 
 |     |  |     +- _CASE_CHECKED_BYTE   (see above)
 |     |  |        
 |     |  +- timerDelay           (see above)
 |     |  |  
 |     |  +- rfalIsoDepDeselect  
 |     |  |  | 
 |     |  |  +- isoDepHandleControlMsg
 |     |  |  |  | 
 |     |  |  |  +- memset               (see above)
 |     |  |  |  |  
 |     |  |  |  +- _CASE_CHECKED_BYTE   (see above)
 |     |  |  |  |  
 |     |  |  |  +- isoDepTx            
 |     |  |  |  |  | 
 |     |  |  |  |  +- _LCMP                (see above)
 |     |  |  |  |  |  
 |     |  |  |  |  +- rfalTransceiveBlockingTx (see above)
 |     |  |  |  |     
 |     |  |  |  +- _LMULU16x32         
 |     |  |  |       
 |     |  |  +- isoDepDataExchangePCD
 |     |  |  |  | 
 |     |  |  |  +- timerIsExpired       (see above)
 |     |  |  |  |  
 |     |  |  |  +- _CASE_CHECKED        (see above)
 |     |  |  |  |  
 |     |  |  |  +- isoDepTx             (see above)
 |     |  |  |  |  
 |     |  |  |  +- rfalGetTransceiveStatus (see above)
 |     |  |  |  |  
 |     |  |  |  +- _CASE_SEARCH_8_BYTE  (see above)
 |     |  |  |  |  
 |     |  |  |  +- isoDepHandleControlMsg (see above)
 |     |  |  |  |  
 |     |  |  |  +- rfalIsoDepInitialize (see above)
 |     |  |  |  |  
 |     |  |  |  +- isoDepClearCounters  (see above)
 |     |  |  |  |  
 |     |  |  |  +- memmove             
 |     |  |  |       
 |     |  |  +- rfalWorker           (see above)
 |     |  |  |  
 |     |  |  +- _LDEC               
 |     |  |  |    
 |     |  |  +- _LCMP                (see above)
 |     |  |  |  
 |     |  |  +- rfalIsoDepInitialize (see above)
 |     |  |     
 |     |  +- rfalIsoDepCalcBitRate
 |     |  |  | 
 |     |  |  +- _BSHL                (see above)
 |     |  |     
 |     |  +- rfalIsoDepFSxI2FSx   (see above)
 |     |  |  
 |     |  +- rfalIsoDepSFGI2SFGT 
 |     |  |  | 
 |     |  |  +- _LSHL                (see above)
 |     |  |  |  
 |     |  |  +- _LMULU16x32          (see above)
 |     |  |  |  
 |     |  |  +- _LDIVU               (see above)
 |     |  |  |  
 |     |  |  +- _LINC                (see above)
 |     |  |     
 |     |  +- timerCalculateTimer  (see above)
 |     |  |  
 |     |  +- rfalIsoDepFWI2FWT   
 |     |  |  | 
 |     |  |  +- _LSHL                (see above)
 |     |  |     
 |     |  +- timerIsExpired       (see above)
 |     |  |  
 |     |  +- rfalIsoDepPPS       
 |     |  |  | 
 |     |  |  +- rfalTransceiveBlockingTxRx (see above)
 |     |  |     
 |     |  +- rfalSetBitRate       (see above)
 |     |     
 |     +- MFDF_DeviceInit     
 |     |    
 |     +- MFDF_AppSelect      
 |     |  | 
 |     |  +- MFDF_Transceive     
 |     |     | 
 |     |     +- memcpy               (see above)
 |     |     |  
 |     |     +- rfal_IsoDepBlockingTxRx
 |     |     |  | 
 |     |     |  +- memmove              (see above)
 |     |     |  |  
 |     |     |  +- _COPY                (see above)
 |     |     |  |  
 |     |     |  +- rfalIsoDepStartApduTransceive
 |     |     |  |  | 
 |     |     |  |  +- _COPY                (see above)
 |     |     |  |  |  
 |     |     |  |  +- rfalIsoDepApdu2IBLockParam
 |     |     |  |  |  | 
 |     |     |  |  |  +- rfalIsoDepGetMaxInfLen
 |     |     |  |  |       
 |     |     |  |  +- rfalIsoDepStartTransceive
 |     |     |  |     | 
 |     |     |  |     +- isoDepClearCounters  (see above)
 |     |     |  |        
 |     |     |  +- rfalWorker           (see above)
 |     |     |  |  
 |     |     |  +- rfalIsoDepGetApduTransceiveStatus
 |     |     |     | 
 |     |     |     +- rfalIsoDepGetTransceiveStatus
 |     |     |     |  | 
 |     |     |     |  +- isoDepDataExchangePCD (see above)
 |     |     |     |     
 |     |     |     +- _COPY                (see above)
 |     |     |     |  
 |     |     |     +- rfalIsoDepApdu2IBLockParam (see above)
 |     |     |     |  
 |     |     |     +- memcpy               (see above)
 |     |     |     |  
 |     |     |     +- rfalIsoDepStartTransceive (see above)
 |     |     |        
 |     |     +- _CASE_DIRECT_BYTE    (see above)
 |     |     |  
 |     |     +- _CASE_SEARCH_8_BYTE  (see above)
 |     |        
 |     +- memset               (see above)
 |     |  
 |     +- MFDF_Authenticate   
 |     |  | 
 |     |  +- _CASE_CHECKED_BYTE   (see above)
 |     |  |  
 |     |  +- DES_Init            
 |     |  |  | 
 |     |  |  +- memset               (see above)
 |     |  |     
 |     |  +- DES_SetKeyData      
 |     |  |  | 
 |     |  |  +- StoreKeyVersion     
 |     |  |  |  | 
 |     |  |  |  +- _LINC                (see above)
 |     |  |  |     
 |     |  |  +- _LCMP                (see above)
 |     |  |  |  
 |     |  |  +- _LINC                (see above)
 |     |  |  |  
 |     |  |  +- set_key             
 |     |  |  |  | 
 |     |  |  |  +- _LSHRU               (see above)
 |     |  |  |  |  
 |     |  |  |  +- _LSHL                (see above)
 |     |  |  |  |  
 |     |  |  |  +- _BSHRU               (see above)
 |     |  |  |  |  
 |     |  |  |  +- _LINC                (see above)
 |     |  |  |     
 |     |  |  +- DES_ClearIV         
 |     |  |     | 
 |     |  |     +- memset               (see above)
 |     |  |        
 |     |  +- MFDF_Transceive      (see above)
 |     |  |  
 |     |  +- DES_CryptDataCBC    
 |     |  |  | 
 |     |  |  +- _LCMP_P              (see above)
 |     |  |  |  
 |     |  |  +- _LMODS              
 |     |  |  |  | 
 |     |  |  |  +- _NEG_P              
 |     |  |  |  |    
 |     |  |  |  +- _lDivMod             (see above)
 |     |  |  |     
 |     |  |  +- _LCMP                (see above)
 |     |  |  |  
 |     |  |  +- XorDataBlock        
 |     |  |  |  | 
 |     |  |  |  +- _ILSEXT             
 |     |  |  |  |    
 |     |  |  |  +- _LCMP_P              (see above)
 |     |  |  |     
 |     |  |  +- CryptDataBlock      
 |     |  |  |  | 
 |     |  |  |  +- ecb_encrypt         
 |     |  |  |     | 
 |     |  |  |     +- encrypt1            
 |     |  |  |        | 
 |     |  |  |        +- _LSHRU               (see above)
 |     |  |  |        |  
 |     |  |  |        +- _LSHL                (see above)
 |     |  |  |           
 |     |  |  +- memcpy               (see above)
 |     |  |  |  
 |     |  |  +- _LINC                (see above)
 |     |  |  |  
 |     |  |  +- _LDIVS              
 |     |  |     | 
 |     |  |     +- _NEG_P               (see above)
 |     |  |     |  
 |     |  |     +- _lDivMod             (see above)
 |     |  |        
 |     |  +- memset               (see above)
 |     |  |  
 |     |  +- MFDF_PRNG           
 |     |  |  | 
 |     |  |  +- platformGetSysTick   (see above)
 |     |  |  |  
 |     |  |  +- srand               
 |     |  |  |    
 |     |  |  +- rand                
 |     |  |     | 
 |     |  |     +- _LDIVS               (see above)
 |     |  |     |  
 |     |  |     +- _LMODS               (see above)
 |     |  |     |  
 |     |  |     +- _LMULS16x32         
 |     |  |        | 
 |     |  |        +- _LNEG               
 |     |  |             
 |     |  +- memcpy               (see above)
 |     |  |  
 |     |  +- memcmp              
 |     |  |    
 |     |  +- DES_ClearIV          (see above)
 |     |     
 |     +- MFDF_ReadData       
 |     |  | 
 |     |  +- MFDF_Transceive      (see above)
 |     |  |  
 |     |  +- memcpy               (see above)
 |     |     
 |     +- strcmp              
 |     |    
 |     +- Com_SendPduByID      (see above)
 |     |  
 |     +- HCE_DeviceInit      
 |     |    
 |     +- HCE_SelectAndroidApp
 |     |  | 
 |     |  +- memcpy               (see above)
 |     |  |  
 |     |  +- HCE_Transceive      
 |     |     | 
 |     |     +- rfal_IsoDepBlockingTxRx (see above)
 |     |     |  
 |     |     +- _CASE_DIRECT_BYTE    (see above)
 |     |        
 |     +- HCE_SelectFile      
 |     |  | 
 |     |  +- memcpy               (see above)
 |     |  |  
 |     |  +- HCE_Transceive       (see above)
 |     |     
 |     +- HCE_ReadFile        
 |     |  | 
 |     |  +- HCE_Transceive       (see above)
 |     |  |  
 |     |  +- memcpy               (see above)
 |     |     
 |     +- st25r3911CheckReg    (see above)
 |     |  
 |     +- rfalFieldOff        
 |     |  | 
 |     |  +- rfalCleanupTransceive (see above)
 |     |  |  
 |     |  +- st25r3911TxRxOff     (see above)
 |     |  |  
 |     |  +- rfalSetAnalogConfig  (see above)
 |     |     
 |     +- _LCMP                (see above)
 |     |  
 |     +- platformGetSysTick   (see above)
 |        
 +- _EntryPoint         
    | 
    +- _Startup            
       | 
       +- Init                
       |  | 
       |  +- _SET_PAGE           
       |       
       +- main                 (see above)
          
 _InterruptVectorTable
 | 
 +- _EntryPoint          (see above)
 |  
 +- ST25_IRQ_Interrupt  
 |  | 
 |  +- st25r3911Isr        
 |     | 
 |     +- st25r3911CheckForReceivedInterrupts
 |        | 
 |        +- memset               (see above)
 |        |  
 |        +- st25r3911ReadMultipleRegisters (see above)
 |           
 +- isrVcantx           
 |    
 +- isrVcanrx           
 |  | 
 |  +- process_rx_frames   
 |     | 
 |     +- CAN1_GetStateRX     
 |     |    
 |     +- CAN1_ReadFrame      
 |        | 
 |        +- _LSHRU               (see above)
 |           
 +- isrVcanerr          
 |    
 +- ADC_Interrupt       
 |  | 
 |  +- ADC_OnEnd           
 |       
 +- Timer_1ms_Interrupt 
    | 
    +- Timer_1ms_OnInterrupt
       | 
       +- ISR_SchedulerTick   
       |    
       +- tickInc             
          | 
          +- _LINC                (see above)
             
 _ResetVectorTable   
 | 
 +- _EntryPoint          (see above)
    
*********************************************************************************************
STATISTIC SECTION
---------------------------------------------------------------------------------------------

ExeFile:
--------
Number of blocks to be downloaded: 14
Total size of all blocks to be downloaded: 32896

